 * Serving Flask app 'app'
 * Debug mode: off
[31m[1mWARNING: This is a development server. Do not use it in a production deployment. Use a production WSGI server instead.[0m
 * Running on http://127.0.0.1:5004
[33mPress CTRL+C to quit[0m
[2026-01-08 23:32:06,244] ERROR in app: Exception on /api/math/solve [POST]
Traceback (most recent call last):
  File "/Library/Frameworks/Python.framework/Versions/3.13/lib/python3.13/site-packages/flask/app.py", line 1511, in wsgi_app
    response = self.full_dispatch_request()
  File "/Library/Frameworks/Python.framework/Versions/3.13/lib/python3.13/site-packages/flask/app.py", line 920, in full_dispatch_request
    return self.finalize_request(rv)
           ~~~~~~~~~~~~~~~~~~~~~^^^^
  File "/Library/Frameworks/Python.framework/Versions/3.13/lib/python3.13/site-packages/flask/app.py", line 939, in finalize_request
    response = self.make_response(rv)
  File "/Library/Frameworks/Python.framework/Versions/3.13/lib/python3.13/site-packages/flask/app.py", line 1212, in make_response
    raise TypeError(
    ...<3 lines>...
    )
TypeError: The view function for 'api_math_solve' did not return a valid response. The function either returned None or ended without a return statement.
127.0.0.1 - - [08/Jan/2026 23:32:06] "[35m[1mPOST /api/math/solve HTTP/1.1[0m" 500 -
